08-09 03:20:52 com_github_MitjaNemec_PlaceFootprints.action_place_footprints 674:Plugin executed on: 'darwin'
08-09 03:20:52 com_github_MitjaNemec_PlaceFootprints.action_place_footprints 675:Plugin executed with python version: '3.9.13 (v3.9.13:6de2ca5339, May 17 2022, 11:37:23) \n[Clang 13.0.0 (clang-1300.0.29.30)]'
08-09 03:20:52 com_github_MitjaNemec_PlaceFootprints.action_place_footprints 676:KiCad build version: 10.0.4
08-09 03:20:52 com_github_MitjaNemec_PlaceFootprints.action_place_footprints 677:Plugin version: 5.0.0

08-09 03:20:52 com_github_MitjaNemec_PlaceFootprints.action_place_footprints 678:Frame repr: <wx._core.Frame object at 0x12ead4430>
08-09 03:20:52 com_github_MitjaNemec_PlaceFootprints.place_footprints 121:getting a list of all footprints on board
08-09 03:20:52 com_github_MitjaNemec_PlaceFootprints.place_footprints 156:Footprint C3 on root level
08-09 03:20:52 com_github_MitjaNemec_PlaceFootprints.place_footprints 156:Footprint C2 on root level
08-09 03:20:52 com_github_MitjaNemec_PlaceFootprints.place_footprints 156:Footprint C1 on root level
08-09 03:20:52 com_github_MitjaNemec_PlaceFootprints.place_footprints 156:Footprint C80 on root level
08-09 03:20:52 com_github_MitjaNemec_PlaceFootprints.place_footprints 156:Footprint C79 on root level
08-09 03:20:52 com_github_MitjaNemec_PlaceFootprints.place_footprints 156:Footprint C78 on root level
08-09 03:20:52 com_github_MitjaNemec_PlaceFootprints.place_footprints 156:Footprint C77 on root level
08-09 03:20:52 com_github_MitjaNemec_PlaceFootprints.place_footprints 156:Footprint C76 on root level
08-09 03:20:52 com_github_MitjaNemec_PlaceFootprints.place_footprints 156:Footprint C75 on root level
08-09 03:20:52 com_github_MitjaNemec_PlaceFootprints.place_footprints 156:Footprint C74 on root level
08-09 03:20:52 com_github_MitjaNemec_PlaceFootprints.place_footprints 156:Footprint C73 on root level
08-09 03:20:52 com_github_MitjaNemec_PlaceFootprints.place_footprints 156:Footprint C72 on root level
08-09 03:20:52 com_github_MitjaNemec_PlaceFootprints.place_footprints 156:Footprint C71 on root level
08-09 03:20:52 com_github_MitjaNemec_PlaceFootprints.place_footprints 156:Footprint C70 on root level
08-09 03:20:52 com_github_MitjaNemec_PlaceFootprints.place_footprints 156:Footprint C69 on root level
08-09 03:20:52 com_github_MitjaNemec_PlaceFootprints.place_footprints 156:Footprint C68 on root level
08-09 03:20:52 com_github_MitjaNemec_PlaceFootprints.place_footprints 156:Footprint C67 on root level
08-09 03:20:52 com_github_MitjaNemec_PlaceFootprints.place_footprints 156:Footprint C66 on root level
08-09 03:20:52 com_github_MitjaNemec_PlaceFootprints.place_footprints 156:Footprint C65 on root level
08-09 03:20:52 com_github_MitjaNemec_PlaceFootprints.place_footprints 156:Footprint C64 on root level
08-09 03:20:52 com_github_MitjaNemec_PlaceFootprints.place_footprints 156:Footprint C63 on root level
08-09 03:20:52 com_github_MitjaNemec_PlaceFootprints.place_footprints 156:Footprint C62 on root level
08-09 03:20:52 com_github_MitjaNemec_PlaceFootprints.place_footprints 156:Footprint C61 on root level
08-09 03:20:52 com_github_MitjaNemec_PlaceFootprints.place_footprints 156:Footprint C60 on root level
08-09 03:20:52 com_github_MitjaNemec_PlaceFootprints.place_footprints 156:Footprint C59 on root level
08-09 03:20:52 com_github_MitjaNemec_PlaceFootprints.place_footprints 156:Footprint C58 on root level
08-09 03:20:52 com_github_MitjaNemec_PlaceFootprints.place_footprints 156:Footprint C57 on root level
08-09 03:20:52 com_github_MitjaNemec_PlaceFootprints.place_footprints 156:Footprint C56 on root level
08-09 03:20:52 com_github_MitjaNemec_PlaceFootprints.place_footprints 156:Footprint C55 on root level
08-09 03:20:52 com_github_MitjaNemec_PlaceFootprints.place_footprints 156:Footprint C54 on root level
08-09 03:20:52 com_github_MitjaNemec_PlaceFootprints.place_footprints 156:Footprint C53 on root level
08-09 03:20:52 com_github_MitjaNemec_PlaceFootprints.place_footprints 156:Footprint C52 on root level
08-09 03:20:52 com_github_MitjaNemec_PlaceFootprints.place_footprints 156:Footprint C51 on root level
08-09 03:20:52 com_github_MitjaNemec_PlaceFootprints.place_footprints 156:Footprint C50 on root level
08-09 03:20:52 com_github_MitjaNemec_PlaceFootprints.place_footprints 156:Footprint C49 on root level
08-09 03:20:52 com_github_MitjaNemec_PlaceFootprints.place_footprints 156:Footprint C48 on root level
08-09 03:20:52 com_github_MitjaNemec_PlaceFootprints.place_footprints 156:Footprint C47 on root level
08-09 03:20:52 com_github_MitjaNemec_PlaceFootprints.place_footprints 156:Footprint C46 on root level
08-09 03:20:52 com_github_MitjaNemec_PlaceFootprints.place_footprints 156:Footprint C45 on root level
08-09 03:20:52 com_github_MitjaNemec_PlaceFootprints.place_footprints 156:Footprint C44 on root level
08-09 03:20:52 com_github_MitjaNemec_PlaceFootprints.place_footprints 156:Footprint C43 on root level
08-09 03:20:52 com_github_MitjaNemec_PlaceFootprints.place_footprints 156:Footprint C42 on root level
08-09 03:20:52 com_github_MitjaNemec_PlaceFootprints.place_footprints 156:Footprint C41 on root level
08-09 03:20:52 com_github_MitjaNemec_PlaceFootprints.place_footprints 156:Footprint C40 on root level
08-09 03:20:52 com_github_MitjaNemec_PlaceFootprints.place_footprints 156:Footprint C39 on root level
08-09 03:20:52 com_github_MitjaNemec_PlaceFootprints.place_footprints 156:Footprint C38 on root level
08-09 03:20:52 com_github_MitjaNemec_PlaceFootprints.place_footprints 156:Footprint C37 on root level
08-09 03:20:52 com_github_MitjaNemec_PlaceFootprints.place_footprints 156:Footprint C36 on root level
08-09 03:20:52 com_github_MitjaNemec_PlaceFootprints.place_footprints 156:Footprint C35 on root level
08-09 03:20:52 com_github_MitjaNemec_PlaceFootprints.place_footprints 156:Footprint C34 on root level
08-09 03:20:52 com_github_MitjaNemec_PlaceFootprints.place_footprints 156:Footprint C33 on root level
08-09 03:20:52 com_github_MitjaNemec_PlaceFootprints.place_footprints 156:Footprint C32 on root level
08-09 03:20:52 com_github_MitjaNemec_PlaceFootprints.place_footprints 156:Footprint C31 on root level
08-09 03:20:52 com_github_MitjaNemec_PlaceFootprints.place_footprints 156:Footprint C30 on root level
08-09 03:20:52 com_github_MitjaNemec_PlaceFootprints.place_footprints 156:Footprint C29 on root level
08-09 03:20:52 com_github_MitjaNemec_PlaceFootprints.place_footprints 156:Footprint C28 on root level
08-09 03:20:52 com_github_MitjaNemec_PlaceFootprints.place_footprints 156:Footprint C27 on root level
08-09 03:20:52 com_github_MitjaNemec_PlaceFootprints.place_footprints 156:Footprint C26 on root level
08-09 03:20:52 com_github_MitjaNemec_PlaceFootprints.place_footprints 156:Footprint C25 on root level
08-09 03:20:52 com_github_MitjaNemec_PlaceFootprints.place_footprints 156:Footprint C24 on root level
08-09 03:20:52 com_github_MitjaNemec_PlaceFootprints.place_footprints 156:Footprint C23 on root level
08-09 03:20:52 com_github_MitjaNemec_PlaceFootprints.place_footprints 156:Footprint C22 on root level
08-09 03:20:52 com_github_MitjaNemec_PlaceFootprints.place_footprints 156:Footprint C21 on root level
08-09 03:20:52 com_github_MitjaNemec_PlaceFootprints.place_footprints 156:Footprint C20 on root level
08-09 03:20:52 com_github_MitjaNemec_PlaceFootprints.place_footprints 156:Footprint C19 on root level
08-09 03:20:52 com_github_MitjaNemec_PlaceFootprints.place_footprints 156:Footprint C18 on root level
08-09 03:20:52 com_github_MitjaNemec_PlaceFootprints.place_footprints 156:Footprint C17 on root level
08-09 03:20:52 com_github_MitjaNemec_PlaceFootprints.place_footprints 156:Footprint C16 on root level
08-09 03:20:52 com_github_MitjaNemec_PlaceFootprints.place_footprints 156:Footprint C15 on root level
08-09 03:20:52 com_github_MitjaNemec_PlaceFootprints.place_footprints 156:Footprint C14 on root level
08-09 03:20:52 com_github_MitjaNemec_PlaceFootprints.place_footprints 156:Footprint C13 on root level
08-09 03:20:52 com_github_MitjaNemec_PlaceFootprints.place_footprints 156:Footprint C12 on root level
08-09 03:20:52 com_github_MitjaNemec_PlaceFootprints.place_footprints 156:Footprint C11 on root level
08-09 03:20:52 com_github_MitjaNemec_PlaceFootprints.place_footprints 156:Footprint C10 on root level
08-09 03:20:52 com_github_MitjaNemec_PlaceFootprints.place_footprints 156:Footprint C9 on root level
08-09 03:20:52 com_github_MitjaNemec_PlaceFootprints.place_footprints 156:Footprint C8 on root level
08-09 03:20:52 com_github_MitjaNemec_PlaceFootprints.place_footprints 156:Footprint C7 on root level
08-09 03:20:52 com_github_MitjaNemec_PlaceFootprints.place_footprints 156:Footprint C6 on root level
08-09 03:20:52 com_github_MitjaNemec_PlaceFootprints.place_footprints 156:Footprint C5 on root level
08-09 03:20:52 com_github_MitjaNemec_PlaceFootprints.place_footprints 156:Footprint C4 on root level
08-09 03:20:52 com_github_MitjaNemec_PlaceFootprints.place_footprints 156:Footprint J13 on root level
08-09 03:20:52 com_github_MitjaNemec_PlaceFootprints.place_footprints 156:Footprint J9 on root level
08-09 03:20:52 com_github_MitjaNemec_PlaceFootprints.place_footprints 156:Footprint J21 on root level
08-09 03:20:52 com_github_MitjaNemec_PlaceFootprints.place_footprints 156:Footprint J53 on root level
08-09 03:20:52 com_github_MitjaNemec_PlaceFootprints.place_footprints 156:Footprint J32 on root level
08-09 03:20:52 com_github_MitjaNemec_PlaceFootprints.place_footprints 156:Footprint J16 on root level
08-09 03:20:52 com_github_MitjaNemec_PlaceFootprints.place_footprints 156:Footprint J60 on root level
08-09 03:20:52 com_github_MitjaNemec_PlaceFootprints.place_footprints 156:Footprint J15 on root level
08-09 03:20:52 com_github_MitjaNemec_PlaceFootprints.place_footprints 156:Footprint J11 on root level
08-09 03:20:52 com_github_MitjaNemec_PlaceFootprints.place_footprints 156:Footprint J38 on root level
08-09 03:20:52 com_github_MitjaNemec_PlaceFootprints.place_footprints 156:Footprint J27 on root level
08-09 03:20:52 com_github_MitjaNemec_PlaceFootprints.place_footprints 156:Footprint J56 on root level
08-09 03:20:52 com_github_MitjaNemec_PlaceFootprints.place_footprints 156:Footprint J29 on root level
08-09 03:20:52 com_github_MitjaNemec_PlaceFootprints.place_footprints 156:Footprint J61 on root level
08-09 03:20:52 com_github_MitjaNemec_PlaceFootprints.place_footprints 156:Footprint J25 on root level
08-09 03:20:52 com_github_MitjaNemec_PlaceFootprints.place_footprints 156:Footprint J64 on root level
08-09 03:20:52 com_github_MitjaNemec_PlaceFootprints.place_footprints 156:Footprint J75 on root level
08-09 03:20:52 com_github_MitjaNemec_PlaceFootprints.place_footprints 156:Footprint J63 on root level
08-09 03:20:52 com_github_MitjaNemec_PlaceFootprints.place_footprints 156:Footprint J12 on root level
08-09 03:20:52 com_github_MitjaNemec_PlaceFootprints.place_footprints 156:Footprint J22 on root level
08-09 03:20:52 com_github_MitjaNemec_PlaceFootprints.place_footprints 156:Footprint J65 on root level
08-09 03:20:52 com_github_MitjaNemec_PlaceFootprints.place_footprints 156:Footprint J8 on root level
08-09 03:20:52 com_github_MitjaNemec_PlaceFootprints.place_footprints 156:Footprint J78 on root level
08-09 03:20:52 com_github_MitjaNemec_PlaceFootprints.place_footprints 156:Footprint J35 on root level
08-09 03:20:52 com_github_MitjaNemec_PlaceFootprints.place_footprints 156:Footprint J42 on root level
08-09 03:20:52 com_github_MitjaNemec_PlaceFootprints.place_footprints 156:Footprint J54 on root level
08-09 03:20:52 com_github_MitjaNemec_PlaceFootprints.place_footprints 156:Footprint J74 on root level
08-09 03:20:52 com_github_MitjaNemec_PlaceFootprints.place_footprints 156:Footprint J39 on root level
08-09 03:20:52 com_github_MitjaNemec_PlaceFootprints.place_footprints 156:Footprint J7 on root level
08-09 03:20:52 com_github_MitjaNemec_PlaceFootprints.place_footprints 156:Footprint J6 on root level
08-09 03:20:52 com_github_MitjaNemec_PlaceFootprints.place_footprints 156:Footprint J20 on root level
08-09 03:20:52 com_github_MitjaNemec_PlaceFootprints.place_footprints 156:Footprint J2 on root level
08-09 03:20:52 com_github_MitjaNemec_PlaceFootprints.place_footprints 156:Footprint J68 on root level
08-09 03:20:52 com_github_MitjaNemec_PlaceFootprints.place_footprints 156:Footprint J43 on root level
08-09 03:20:52 com_github_MitjaNemec_PlaceFootprints.place_footprints 156:Footprint J59 on root level
08-09 03:20:52 com_github_MitjaNemec_PlaceFootprints.place_footprints 156:Footprint J45 on root level
08-09 03:20:52 com_github_MitjaNemec_PlaceFootprints.place_footprints 156:Footprint J77 on root level
08-09 03:20:52 com_github_MitjaNemec_PlaceFootprints.place_footprints 156:Footprint J58 on root level
08-09 03:20:52 com_github_MitjaNemec_PlaceFootprints.place_footprints 156:Footprint J72 on root level
08-09 03:20:52 com_github_MitjaNemec_PlaceFootprints.place_footprints 156:Footprint J5 on root level
08-09 03:20:52 com_github_MitjaNemec_PlaceFootprints.place_footprints 156:Footprint J10 on root level
08-09 03:20:52 com_github_MitjaNemec_PlaceFootprints.place_footprints 156:Footprint J71 on root level
08-09 03:20:52 com_github_MitjaNemec_PlaceFootprints.place_footprints 156:Footprint J31 on root level
08-09 03:20:52 com_github_MitjaNemec_PlaceFootprints.place_footprints 156:Footprint J33 on root level
08-09 03:20:52 com_github_MitjaNemec_PlaceFootprints.place_footprints 156:Footprint J62 on root level
08-09 03:20:52 com_github_MitjaNemec_PlaceFootprints.place_footprints 156:Footprint J52 on root level
08-09 03:20:52 com_github_MitjaNemec_PlaceFootprints.place_footprints 156:Footprint J24 on root level
08-09 03:20:52 com_github_MitjaNemec_PlaceFootprints.place_footprints 156:Footprint J26 on root level
08-09 03:20:52 com_github_MitjaNemec_PlaceFootprints.place_footprints 156:Footprint J55 on root level
08-09 03:20:52 com_github_MitjaNemec_PlaceFootprints.place_footprints 156:Footprint J36 on root level
08-09 03:20:52 com_github_MitjaNemec_PlaceFootprints.place_footprints 156:Footprint J46 on root level
08-09 03:20:52 com_github_MitjaNemec_PlaceFootprints.place_footprints 156:Footprint J80 on root level
08-09 03:20:52 com_github_MitjaNemec_PlaceFootprints.place_footprints 156:Footprint J49 on root level
08-09 03:20:52 com_github_MitjaNemec_PlaceFootprints.place_footprints 156:Footprint J19 on root level
08-09 03:20:52 com_github_MitjaNemec_PlaceFootprints.place_footprints 156:Footprint J4 on root level
08-09 03:20:52 com_github_MitjaNemec_PlaceFootprints.place_footprints 156:Footprint J30 on root level
08-09 03:20:52 com_github_MitjaNemec_PlaceFootprints.place_footprints 156:Footprint J69 on root level
08-09 03:20:52 com_github_MitjaNemec_PlaceFootprints.place_footprints 156:Footprint J76 on root level
08-09 03:20:52 com_github_MitjaNemec_PlaceFootprints.place_footprints 156:Footprint J18 on root level
08-09 03:20:52 com_github_MitjaNemec_PlaceFootprints.place_footprints 156:Footprint J17 on root level
08-09 03:20:52 com_github_MitjaNemec_PlaceFootprints.place_footprints 156:Footprint J41 on root level
08-09 03:20:52 com_github_MitjaNemec_PlaceFootprints.place_footprints 156:Footprint J14 on root level
08-09 03:20:52 com_github_MitjaNemec_PlaceFootprints.place_footprints 156:Footprint J73 on root level
08-09 03:20:52 com_github_MitjaNemec_PlaceFootprints.place_footprints 156:Footprint J44 on root level
08-09 03:20:52 com_github_MitjaNemec_PlaceFootprints.place_footprints 156:Footprint J1 on root level
08-09 03:20:52 com_github_MitjaNemec_PlaceFootprints.place_footprints 156:Footprint J50 on root level
08-09 03:20:52 com_github_MitjaNemec_PlaceFootprints.place_footprints 156:Footprint J37 on root level
08-09 03:20:52 com_github_MitjaNemec_PlaceFootprints.place_footprints 156:Footprint J23 on root level
08-09 03:20:52 com_github_MitjaNemec_PlaceFootprints.place_footprints 156:Footprint J47 on root level
08-09 03:20:52 com_github_MitjaNemec_PlaceFootprints.place_footprints 156:Footprint J3 on root level
08-09 03:20:52 com_github_MitjaNemec_PlaceFootprints.place_footprints 156:Footprint J28 on root level
08-09 03:20:52 com_github_MitjaNemec_PlaceFootprints.place_footprints 156:Footprint J40 on root level
08-09 03:20:52 com_github_MitjaNemec_PlaceFootprints.place_footprints 156:Footprint J34 on root level
08-09 03:20:52 com_github_MitjaNemec_PlaceFootprints.place_footprints 156:Footprint J66 on root level
08-09 03:20:52 com_github_MitjaNemec_PlaceFootprints.place_footprints 156:Footprint J48 on root level
08-09 03:20:52 com_github_MitjaNemec_PlaceFootprints.place_footprints 156:Footprint J79 on root level
08-09 03:20:52 com_github_MitjaNemec_PlaceFootprints.place_footprints 156:Footprint J51 on root level
08-09 03:20:52 com_github_MitjaNemec_PlaceFootprints.place_footprints 156:Footprint J57 on root level
08-09 03:20:52 com_github_MitjaNemec_PlaceFootprints.place_footprints 156:Footprint J70 on root level
08-09 03:20:52 com_github_MitjaNemec_PlaceFootprints.place_footprints 156:Footprint J67 on root level
08-09 03:20:52 com_github_MitjaNemec_PlaceFootprints.action_place_footprints 717:Reference footprint='C1'
08-09 03:20:53 com_github_MitjaNemec_PlaceFootprints.action_place_footprints 858:Reference designator is: C
08-09 03:20:53 com_github_MitjaNemec_PlaceFootprints.action_place_footprints 859:Reference number is: 1
08-09 03:20:53 com_github_MitjaNemec_PlaceFootprints.action_place_footprints 891:Sorted and filtered list:
['C1', 'C2', 'C3', 'C4', 'C5', 'C6', 'C7', 'C8', 'C9', 'C10', 'C11', 'C12', 'C13', 'C14', 'C15', 'C16', 'C17', 'C18', 'C19', 'C20', 'C21', 'C22', 'C23', 'C24', 'C25', 'C26', 'C27', 'C28', 'C29', 'C30', 'C31', 'C32', 'C33', 'C34', 'C35', 'C36', 'C37', 'C38', 'C39', 'C40', 'C41', 'C42', 'C43', 'C44', 'C45', 'C46', 'C47', 'C48', 'C49', 'C50', 'C51', 'C52', 'C53', 'C54', 'C55', 'C56', 'C57', 'C58', 'C59', 'C60', 'C61', 'C62', 'C63', 'C64', 'C65', 'C66', 'C67', 'C68', 'C69', 'C70', 'C71', 'C72', 'C73', 'C74', 'C75', 'C76', 'C77', 'C78', 'C79', 'C80']
08-09 03:20:53 com_github_MitjaNemec_PlaceFootprints.action_place_footprints 376:wx.Colour(38, 38, 38, 255)
08-09 03:21:34 com_github_MitjaNemec_PlaceFootprints.action_place_footprints 507:'10'
08-09 03:21:34 com_github_MitjaNemec_PlaceFootprints.action_place_footprints 553:Preparing config for reference linear
08-09 03:21:34 com_github_MitjaNemec_PlaceFootprints.action_place_footprints 573:Saving config file
08-09 03:21:34 com_github_MitjaNemec_PlaceFootprints.action_place_footprints 575:Saved the config file
08-09 03:21:34 com_github_MitjaNemec_PlaceFootprints.action_place_footprints 929:Footprints to place:
['C1', 'C3', 'C5', 'C7', 'C9', 'C11', 'C13', 'C15', 'C17', 'C19', 'C21', 'C23', 'C25', 'C27', 'C29', 'C31', 'C33', 'C35', 'C37', 'C39', 'C41', 'C43', 'C45', 'C47', 'C49', 'C51', 'C53', 'C55', 'C57', 'C59', 'C61', 'C63', 'C65', 'C67', 'C69', 'C71', 'C73', 'C75', 'C77', 'C79']
08-09 03:21:34 com_github_MitjaNemec_PlaceFootprints.place_footprints 396:Starting placing with linear layout
08-09 03:21:34 com_github_MitjaNemec_PlaceFootprints.action_place_footprints 970:Placing complete
